This is pdfTeX, Version 3.141592653-2.6-1.40.24 (TeX Live 2022) (preloaded format=pdflatex 2022.10.26)  3 JUL 2025 01:41
entering extended mode
 restricted \write18 enabled.
 file:line:error style messages enabled.
 %&-line parsing enabled.
**/Users/acvijanovic/Documents/FER/diplomski/RouteBoard/dokumentacija/zavrsni.tex
(/Users/acvijanovic/Documents/FER/diplomski/RouteBoard/dokumentacija/zavrsni.tex
LaTeX2e <2021-11-15> patch level 1
L3 programming layer <2022-02-24> (./fer.cls
Document Class: fer 
(/usr/local/texlive/2022/texmf-dist/tex/latex/base/report.cls
Document Class: report 2021/10/04 v1.4n Standard LaTeX document class
(/usr/local/texlive/2022/texmf-dist/tex/latex/base/size12.clo
File: size12.clo 2021/10/04 v1.4n Standard LaTeX file (size option)
)
\c@part=\count185
\c@chapter=\count186
\c@section=\count187
\c@subsection=\count188
\c@subsubsection=\count189
\c@paragraph=\count190
\c@subparagraph=\count191
\c@figure=\count192
\c@table=\count193
\abovecaptionskip=\skip47
\belowcaptionskip=\skip48
\bibindent=\dimen138
) (/usr/local/texlive/2022/texmf-dist/tex/latex/geometry/geometry.sty
Package: geometry 2020/01/02 v5.9 Page Geometry
 (/usr/local/texlive/2022/texmf-dist/tex/latex/graphics/keyval.sty
Package: keyval 2014/10/28 v1.15 key=value parser (DPC)
\KV@toks@=\toks16
) (/usr/local/texlive/2022/texmf-dist/tex/generic/iftex/ifvtex.sty
Package: ifvtex 2019/10/25 v1.7 ifvtex legacy package. Use iftex instead.
 (/usr/local/texlive/2022/texmf-dist/tex/generic/iftex/iftex.sty
Package: iftex 2022/02/03 v1.0f TeX engine tests
))
\Gm@cnth=\count194
\Gm@cntv=\count195
\c@Gm@tempcnt=\count196
\Gm@bindingoffset=\dimen139
\Gm@wd@mp=\dimen140
\Gm@odd@mp=\dimen141
\Gm@even@mp=\dimen142
\Gm@layoutwidth=\dimen143
\Gm@layoutheight=\dimen144
\Gm@layouthoffset=\dimen145
\Gm@layoutvoffset=\dimen146
\Gm@dimlist=\toks17
) (/usr/local/texlive/2022/texmf-dist/tex/latex/base/inputenc.sty
Package: inputenc 2021/02/14 v1.3d Input encoding file
\inpenc@prehook=\toks18
\inpenc@posthook=\toks19
) (/usr/local/texlive/2022/texmf-dist/tex/generic/babel/babel.sty
Package: babel 2022/02/26 3.73 The Babel package
\babel@savecnt=\count197
\U@D=\dimen147
\l@unhyphenated=\language87
 (/usr/local/texlive/2022/texmf-dist/tex/generic/babel/txtbabel.def)
\bbl@readstream=\read2
\bbl@dirlevel=\count198
 (/usr/local/texlive/2022/texmf-dist/tex/generic/babel-croatian/croatian.ldf
Language: croatian 2014/03/31 v1.3m Croatian support from the babel system
)) (/usr/local/texlive/2022/texmf-dist/tex/latex/base/fontenc.sty
Package: fontenc 2021/04/29 v2.0v Standard LaTeX package
) (/usr/local/texlive/2022/texmf-dist/tex/latex/graphics/graphicx.sty
Package: graphicx 2021/09/16 v1.2d Enhanced LaTeX Graphics (DPC,SPQR)
 (/usr/local/texlive/2022/texmf-dist/tex/latex/graphics/graphics.sty
Package: graphics 2021/03/04 v1.4d Standard LaTeX Graphics (DPC,SPQR)
 (/usr/local/texlive/2022/texmf-dist/tex/latex/graphics/trig.sty
Package: trig 2021/08/11 v1.11 sin cos tan (DPC)
) (/usr/local/texlive/2022/texmf-dist/tex/latex/graphics-cfg/graphics.cfg
File: graphics.cfg 2016/06/04 v1.11 sample graphics configuration
)
Package graphics Info: Driver file: pdftex.def on input line 107.
 (/usr/local/texlive/2022/texmf-dist/tex/latex/graphics-def/pdftex.def
File: pdftex.def 2020/10/05 v1.2a Graphics/color driver for pdftex
))
\Gin@req@height=\dimen148
\Gin@req@width=\dimen149
) (/usr/local/texlive/2022/texmf-dist/tex/latex/amsfonts/amssymb.sty
Package: amssymb 2013/01/14 v3.01 AMS font symbols
 (/usr/local/texlive/2022/texmf-dist/tex/latex/amsfonts/amsfonts.sty
Package: amsfonts 2013/01/14 v3.01 Basic AMSFonts support
\@emptytoks=\toks20
\symAMSa=\mathgroup4
\symAMSb=\mathgroup5
LaTeX Font Info:    Redeclaring math symbol \hbar on input line 98.
LaTeX Font Info:    Overwriting math alphabet `\mathfrak' in version `bold'
(Font)                  U/euf/m/n --> U/euf/b/n on input line 106.
)) (/usr/local/texlive/2022/texmf-dist/tex/latex/amsmath/amsmath.sty
Package: amsmath 2021/10/15 v2.17l AMS math features
\@mathmargin=\skip49

For additional information on amsmath, use the `?' option.
(/usr/local/texlive/2022/texmf-dist/tex/latex/amsmath/amstext.sty
Package: amstext 2021/08/26 v2.01 AMS text
 (/usr/local/texlive/2022/texmf-dist/tex/latex/amsmath/amsgen.sty
File: amsgen.sty 1999/11/30 v2.0 generic functions
\@emptytoks=\toks21
\ex@=\dimen150
)) (/usr/local/texlive/2022/texmf-dist/tex/latex/amsmath/amsbsy.sty
Package: amsbsy 1999/11/29 v1.2d Bold Symbols
\pmbraise@=\dimen151
) (/usr/local/texlive/2022/texmf-dist/tex/latex/amsmath/amsopn.sty
Package: amsopn 2021/08/26 v2.02 operator names
)
\inf@bad=\count199
LaTeX Info: Redefining \frac on input line 234.
\uproot@=\count266
\leftroot@=\count267
LaTeX Info: Redefining \overline on input line 399.
\classnum@=\count268
\DOTSCASE@=\count269
LaTeX Info: Redefining \ldots on input line 496.
LaTeX Info: Redefining \dots on input line 499.
LaTeX Info: Redefining \cdots on input line 620.
\Mathstrutbox@=\box50
\strutbox@=\box51
\big@size=\dimen152
LaTeX Font Info:    Redeclaring font encoding OML on input line 743.
LaTeX Font Info:    Redeclaring font encoding OMS on input line 744.
\macc@depth=\count270
\c@MaxMatrixCols=\count271
\dotsspace@=\muskip16
\c@parentequation=\count272
\dspbrk@lvl=\count273
\tag@help=\toks22
\row@=\count274
\column@=\count275
\maxfields@=\count276
\andhelp@=\toks23
\eqnshift@=\dimen153
\alignsep@=\dimen154
\tagshift@=\dimen155
\tagwidth@=\dimen156
\totwidth@=\dimen157
\lineht@=\dimen158
\@envbody=\toks24
\multlinegap=\skip50
\multlinetaggap=\skip51
\mathdisplay@stack=\toks25
LaTeX Info: Redefining \[ on input line 2938.
LaTeX Info: Redefining \] on input line 2939.
) (/usr/local/texlive/2022/texmf-dist/tex/latex/base/fixltx2e.sty
Package: fixltx2e 2016/12/29 v2.1a fixes to LaTeX (obsolete)
Applying: [2015/01/01] Old fixltx2e package on input line 46.


Package fixltx2e Warning: fixltx2e is not required with releases after 2015
(fixltx2e)                All fixes are now in the LaTeX kernel.
(fixltx2e)                See the latexrelease package for details.

Already applied: [0000/00/00] Old fixltx2e package on input line 53.
) (/usr/local/texlive/2022/texmf-dist/tex/latex/caption/caption.sty
Package: caption 2022/03/01 v3.6b Customizing captions (AR)
 (/usr/local/texlive/2022/texmf-dist/tex/latex/caption/caption3.sty
Package: caption3 2022/03/17 v2.3b caption3 kernel (AR)
\caption@tempdima=\dimen159
\captionmargin=\dimen160
\caption@leftmargin=\dimen161
\caption@rightmargin=\dimen162
\caption@width=\dimen163
\caption@indent=\dimen164
\caption@parindent=\dimen165
\caption@hangindent=\dimen166
Package caption Info: Standard document class detected.
)
\c@caption@flags=\count277
\c@continuedfloat=\count278
) (/usr/local/texlive/2022/texmf-dist/tex/latex/base/ifthen.sty
Package: ifthen 2020/11/24 v1.1c Standard LaTeX ifthen package (DPC)
) (/usr/local/texlive/2022/texmf-dist/tex/latex/url/url.sty
\Urlmuskip=\muskip17
Package: url 2013/09/16  ver 3.4  Verb mode for urls, etc.
) (/usr/local/texlive/2022/texmf-dist/tex/latex/enumitem/enumitem.sty
Package: enumitem 2019/06/20 v3.9 Customized lists
\labelindent=\skip52
\enit@outerparindent=\dimen167
\enit@toks=\toks26
\enit@inbox=\box52
\enit@count@id=\count279
\enitdp@description=\count280
) (/usr/local/texlive/2022/texmf-dist/tex/latex/tocbibind/tocbibind.sty
Package: tocbibind 2010/10/13 v1.5k extra ToC listings
Package tocbibind Info: The document has chapter divisions on input line 50.


Package tocbibind Note: Using chapter style headings, unless overridden.

) (/usr/local/texlive/2022/texmf-dist/tex/latex/psnfss/times.sty
Package: times 2020/03/25 PSNFSS-v9.3 (SPQR) 
) (/usr/local/texlive/2022/texmf-dist/tex/latex/natbib/natbib.sty
Package: natbib 2010/09/13 8.31b (PWD, AO)
\bibhang=\skip53
\bibsep=\skip54
LaTeX Info: Redefining \cite on input line 694.
\c@NAT@ctr=\count281
)
\listindentation=\dimen168
) (/usr/local/texlive/2022/texmf-dist/tex/latex/booktabs/booktabs.sty
Package: booktabs 2020/01/12 v1.61803398 Publication quality tables
\heavyrulewidth=\dimen169
\lightrulewidth=\dimen170
\cmidrulewidth=\dimen171
\belowrulesep=\dimen172
\belowbottomsep=\dimen173
\aboverulesep=\dimen174
\abovetopsep=\dimen175
\cmidrulesep=\dimen176
\cmidrulekern=\dimen177
\defaultaddspace=\dimen178
\@cmidla=\count282
\@cmidlb=\count283
\@aboverulesep=\dimen179
\@belowrulesep=\dimen180
\@thisruleclass=\count284
\@lastruleclass=\count285
\@thisrulewidth=\dimen181
) (/usr/local/texlive/2022/texmf-dist/tex/latex/pdfpages/pdfpages.sty
Package: pdfpages 2022/01/29 v0.5u Insert pages of external PDF documents (AM)
 (/usr/local/texlive/2022/texmf-dist/tex/latex/tools/calc.sty
Package: calc 2017/05/25 v4.3 Infix arithmetic (KKT,FJ)
\calc@Acount=\count286
\calc@Bcount=\count287
\calc@Adimen=\dimen182
\calc@Bdimen=\dimen183
\calc@Askip=\skip55
\calc@Bskip=\skip56
LaTeX Info: Redefining \setlength on input line 80.
LaTeX Info: Redefining \addtolength on input line 81.
\calc@Ccount=\count288
\calc@Cskip=\skip57
) (/usr/local/texlive/2022/texmf-dist/tex/latex/eso-pic/eso-pic.sty
Package: eso-pic 2020/10/14 v3.0a eso-pic (RN)
\ESO@tempdima=\dimen184
\ESO@tempdimb=\dimen185
 (/usr/local/texlive/2022/texmf-dist/tex/latex/xcolor/xcolor.sty
Package: xcolor 2021/10/31 v2.13 LaTeX color extensions (UK)
 (/usr/local/texlive/2022/texmf-dist/tex/latex/graphics-cfg/color.cfg
File: color.cfg 2016/01/02 v1.6 sample color configuration
)
Package xcolor Info: Driver file: pdftex.def on input line 227.
Package xcolor Info: Model `cmy' substituted by `cmy0' on input line 1352.
Package xcolor Info: Model `hsb' substituted by `rgb' on input line 1356.
Package xcolor Info: Model `RGB' extended on input line 1368.
Package xcolor Info: Model `HTML' substituted by `rgb' on input line 1370.
Package xcolor Info: Model `Hsb' substituted by `hsb' on input line 1371.
Package xcolor Info: Model `tHsb' substituted by `hsb' on input line 1372.
Package xcolor Info: Model `HSB' substituted by `hsb' on input line 1373.
Package xcolor Info: Model `Gray' substituted by `gray' on input line 1374.
Package xcolor Info: Model `wave' substituted by `hsb' on input line 1375.
))
\AM@pagewidth=\dimen186
\AM@pageheight=\dimen187
\AM@fboxrule=\dimen188
 (/usr/local/texlive/2022/texmf-dist/tex/latex/pdfpages/pppdftex.def
File: pppdftex.def 2022/01/29 v0.5u Pdfpages driver for pdfTeX (AM)
)
\pdfpages@includegraphics@status=\count289
\AM@pagebox=\box53
\AM@global@opts=\toks27
\AM@pagecnt=\count290
\AM@toc@title=\toks28
\c@AM@survey=\count291
\AM@templatesizebox=\box54
) (/usr/local/texlive/2022/texmf-dist/tex/latex/subfiles/subfiles.sty
Package: subfiles 2020/11/14 v2.2 Multi-file projects (package)
 (/usr/local/texlive/2022/texmf-dist/tex/latex/import/import.sty
Package: import 2020/04/01  v 6.2
)) (/usr/local/texlive/2022/texmf-dist/tex/latex/float/float.sty
Package: float 2001/11/08 v1.3d Float enhancements (AL)
\c@float@type=\count292
\float@exts=\toks29
\float@box=\box55
\@float@everytoks=\toks30
\@floatcapt=\box56
) (/usr/local/texlive/2022/texmf-dist/tex/latex/caption/subcaption.sty
Package: subcaption 2022/01/07 v1.5 Sub-captions (AR)
\c@subfigure=\count293
\c@subtable=\count294
)
LaTeX Font Info:    Trying to load font information for T1+ptm on input line 11.
 (/usr/local/texlive/2022/texmf-dist/tex/latex/psnfss/t1ptm.fd
File: t1ptm.fd 2001/06/04 font definitions for T1/ptm.
) (/usr/local/texlive/2022/texmf-dist/tex/latex/l3backend/l3backend-pdftex.def
File: l3backend-pdftex.def 2022-02-07 L3 backend support: PDF output (pdfTeX)
\l__color_backend_stack_int=\count295
\l__pdf_internal_box=\box57
) (./zavrsni.aux (./sections/Uvod/uvod.aux) (./sections/Analiza/analiza.aux) (./sections/RacunalniVid/racunalni_vid.aux) (./sections/Implementacija/implementacija.aux) (./sections/Arhitektura/arhitektura.aux) (./sections/Testiranje/testiranje.aux) (./sections/Zakljucak/zakljucak.aux) (./sections/Abstract/abstract.aux))
\openout1 = `zavrsni.aux'.

LaTeX Font Info:    Checking defaults for OML/cmm/m/it on input line 11.
LaTeX Font Info:    ... okay on input line 11.
LaTeX Font Info:    Checking defaults for OMS/cmsy/m/n on input line 11.
LaTeX Font Info:    ... okay on input line 11.
LaTeX Font Info:    Checking defaults for OT1/cmr/m/n on input line 11.
LaTeX Font Info:    ... okay on input line 11.
LaTeX Font Info:    Checking defaults for T1/cmr/m/n on input line 11.
LaTeX Font Info:    ... okay on input line 11.
LaTeX Font Info:    Checking defaults for TS1/cmr/m/n on input line 11.
LaTeX Font Info:    ... okay on input line 11.
LaTeX Font Info:    Checking defaults for OMX/cmex/m/n on input line 11.
LaTeX Font Info:    ... okay on input line 11.
LaTeX Font Info:    Checking defaults for U/cmr/m/n on input line 11.
LaTeX Font Info:    ... okay on input line 11.

*geometry* driver: auto-detecting
*geometry* detected driver: pdftex
*geometry* verbose mode - [ preamble ] result:
* driver: pdftex
* paper: a4paper
* layout: <same size as paper>
* layoutoffset:(h,v)=(0.0pt,0.0pt)
* modes: 
* h-part:(L,W,R)=(99.58464pt, 412.56497pt, 85.35826pt)
* v-part:(T,H,B)=(85.35826pt, 674.33032pt, 85.35826pt)
* \paperwidth=597.50787pt
* \paperheight=845.04684pt
* \textwidth=412.56497pt
* \textheight=674.33032pt
* \oddsidemargin=27.31465pt
* \evensidemargin=27.31465pt
* \topmargin=-23.91173pt
* \headheight=12.0pt
* \headsep=25.0pt
* \topskip=12.0pt
* \footskip=30.0pt
* \marginparwidth=44.0pt
* \marginparsep=10.0pt
* \columnsep=10.0pt
* \skip\footins=10.8pt plus 4.0pt minus 2.0pt
* \hoffset=0.0pt
* \voffset=0.0pt
* \mag=1000
* \@twocolumnfalse
* \@twosidefalse
* \@mparswitchfalse
* \@reversemarginfalse
* (1in=72.27pt=25.4mm, 1cm=28.453pt)

(/usr/local/texlive/2022/texmf-dist/tex/context/base/mkii/supp-pdf.mkii
[Loading MPS to PDF converter (version 2006.09.02).]
\scratchcounter=\count296
\scratchdimen=\dimen189
\scratchbox=\box58
\nofMPsegments=\count297
\nofMParguments=\count298
\everyMPshowfont=\toks31
\MPscratchCnt=\count299
\MPscratchDim=\dimen190
\MPnumerator=\count300
\makeMPintoPDFobject=\count301
\everyMPtoPDFconversion=\toks32
) (/usr/local/texlive/2022/texmf-dist/tex/latex/epstopdf-pkg/epstopdf-base.sty
Package: epstopdf-base 2020-01-24 v2.11 Base part for package epstopdf
Package epstopdf-base Info: Redefining graphics rule for `.eps' on input line 485.
 (/usr/local/texlive/2022/texmf-dist/tex/latex/latexconfig/epstopdf-sys.cfg
File: epstopdf-sys.cfg 2010/07/13 v1.3 Configuration of (r)epstopdf for TeX Live
))
Package caption Info: Begin \AtBeginDocument code.
Package caption Info: float package is loaded.
Package caption Info: End \AtBeginDocument code.
 (/usr/local/texlive/2022/texmf-dist/tex/latex/pdflscape/pdflscape.sty
Package: pdflscape 2019/12/05 v0.12 Display of landscape pages in PDF (HO)
 (/usr/local/texlive/2022/texmf-dist/tex/latex/graphics/lscape.sty
Package: lscape 2020/05/28 v3.02 Landscape Pages (DPC)
)
Package pdflscape Info: Auto-detected driver: pdftex on input line 81.
)
LaTeX Font Info:    Trying to load font information for T1+phv on input line 22.
 (/usr/local/texlive/2022/texmf-dist/tex/latex/psnfss/t1phv.fd
File: t1phv.fd 2020/03/25 scalable font definitions for T1/phv.
)
LaTeX Font Info:    Trying to load font information for U+msa on input line 22.
 (/usr/local/texlive/2022/texmf-dist/tex/latex/amsfonts/umsa.fd
File: umsa.fd 2013/01/14 v3.01 AMS symbols A
)
LaTeX Font Info:    Trying to load font information for U+msb on input line 22.
 (/usr/local/texlive/2022/texmf-dist/tex/latex/amsfonts/umsb.fd
File: umsb.fd 2013/01/14 v3.01 AMS symbols B
) [1

{/usr/local/texlive/2022/texmf-var/fonts/map/pdftex/updmap/pdftex.map}] [3] (./zavrsni.toc [4

])
\tf@toc=\write3
\openout3 = `zavrsni.toc'.

 [5]
\openout2 = `sections/Uvod/uvod.aux'.

 (./sections/Uvod/uvod.tex
Poglavlje 1.
[1


]) [2]
\openout2 = `sections/Analiza/analiza.aux'.

 (./sections/Analiza/analiza.tex
Poglavlje 2.
(./sections/Analiza/subsections/postojece_aplikacije.tex [3




]
<images/analiza/vodic_paklenica.jpeg, id=30, 1084.05pt x 1354.05875pt>
File: images/analiza/vodic_paklenica.jpeg Graphic file (type jpg)
<use images/analiza/vodic_paklenica.jpeg>
Package pdftex.def Info: images/analiza/vodic_paklenica.jpeg  used on input line 15.
(pdftex.def)             Requested size: 247.54149pt x 309.19554pt.
 [4 <./images/analiza/vodic_paklenica.jpeg>]
<images/analiza/8anu_logbook.png, id=34, 1213.53375pt x 1013.7875pt>
File: images/analiza/8anu_logbook.png Graphic file (type png)
<use images/analiza/8anu_logbook.png>
Package pdftex.def Info: images/analiza/8anu_logbook.png  used on input line 35.
(pdftex.def)             Requested size: 330.05322pt x 275.7218pt.
 [5 <./images/analiza/8anu_logbook.png>]
<images/analiza/8anu_mobile.jpg, id=40, 1183.42125pt x 2325.68875pt>
File: images/analiza/8anu_mobile.jpg Graphic file (type jpg)
<use images/analiza/8anu_mobile.jpg>
Package pdftex.def Info: images/analiza/8anu_mobile.jpg  used on input line 50.
(pdftex.def)             Requested size: 165.02347pt x 324.28119pt.
 [6 <./images/analiza/8anu_mobile.jpg>]
<images/analiza/cikola_27crags_topo.jpeg, id=44, 2318.6625pt x 813.0375pt>
File: images/analiza/cikola_27crags_topo.jpeg Graphic file (type jpg)
<use images/analiza/cikola_27crags_topo.jpeg>
Package pdftex.def Info: images/analiza/cikola_27crags_topo.jpeg  used on input line 66.
(pdftex.def)             Requested size: 412.56497pt x 144.66563pt.
LaTeX Font Info:    Trying to load font information for T1+pcr on input line 73.
 (/usr/local/texlive/2022/texmf-dist/tex/latex/psnfss/t1pcr.fd
File: t1pcr.fd 2001/06/04 font definitions for T1/pcr.
) [7 <./images/analiza/cikola_27crags_topo.jpeg>]
Overfull \hbox (4.72583pt too wide) in paragraph at lines 78--78
[]\T1/ptm/b/n/17.28 Problem iden-ti-fi-ka-cije pe-nja£-kog smjera: prak-ti£ni
 []

<images/analiza/cikola_27crags_map.jpeg, id=49, 3532.19624pt x 2200.22pt>
File: images/analiza/cikola_27crags_map.jpeg Graphic file (type jpg)
<use images/analiza/cikola_27crags_map.jpeg>
Package pdftex.def Info: images/analiza/cikola_27crags_map.jpeg  used on input line 83.
(pdftex.def)             Requested size: 371.30595pt x 231.28171pt.
[8 <./images/analiza/cikola_27crags_map.jpeg>]
<images/analiza/cikola_fizicka_slika.jpg, id=53, 481.8pt x 361.35pt>
File: images/analiza/cikola_fizicka_slika.jpg Graphic file (type jpg)
<use images/analiza/cikola_fizicka_slika.jpg>
Package pdftex.def Info: images/analiza/cikola_fizicka_slika.jpg  used on input line 93.
(pdftex.def)             Requested size: 330.05322pt x 247.54532pt.
)) [9 <./images/analiza/cikola_fizicka_slika.jpg>]
\openout2 = `sections/RacunalniVid/racunalni_vid.aux'.

 (./sections/RacunalniVid/racunalni_vid.tex
Poglavlje 3.

Overfull \hbox (1.20027pt too wide) in paragraph at lines 5--6
[]\T1/ptm/m/n/12 Cjelokupni pro-ces pre-poz-na-va-nja pe-nja£-kog smjera po-mo¢u de-tek-cije zna-£ajki zah-
 []

<images/racunalniVid/apaches_frame.jpg, id=58, 2613.765pt x 4641.34pt>
File: images/racunalniVid/apaches_frame.jpg Graphic file (type jpg)
<use images/racunalniVid/apaches_frame.jpg>
Package pdftex.def Info: images/racunalniVid/apaches_frame.jpg  used on input line 11.
(pdftex.def)             Requested size: 132.0238pt x 234.4177pt.
<images/racunalniVid/apaches_ref_photo.jpg, id=59, 677.53125pt x 1204.5pt>
File: images/racunalniVid/apaches_ref_photo.jpg Graphic file (type jpg)
<use images/racunalniVid/apaches_ref_photo.jpg>
Package pdftex.def Info: images/racunalniVid/apaches_ref_photo.jpg  used on input line 18.
(pdftex.def)             Requested size: 132.0238pt x 234.70195pt.
<images/racunalniVid/apaches_line.png, id=60, 677.53125pt x 1204.5pt>
File: images/racunalniVid/apaches_line.png Graphic file (type png)
<use images/racunalniVid/apaches_line.png>
Package pdftex.def Info: images/racunalniVid/apaches_line.png  used on input line 25.
(pdftex.def)             Requested size: 132.0238pt x 234.70195pt.
[10




] (./sections/RacunalniVid/subsections/detekcija_znacajki.tex [11 <./images/racunalniVid/apaches_frame.jpg> <./images/racunalniVid/apaches_ref_photo.jpg> <./images/racunalniVid/apaches_line.png>] [12]
<images/racunalniVid/octave_pyramid.png, id=71, 796.9775pt x 992.70876pt>
File: images/racunalniVid/octave_pyramid.png Graphic file (type png)
<use images/racunalniVid/octave_pyramid.png>
Package pdftex.def Info: images/racunalniVid/octave_pyramid.png  used on input line 22.
(pdftex.def)             Requested size: 247.54149pt x 308.32729pt.
<images/racunalniVid/dog_sketch.png, id=72, 1143.27126pt x 647.41875pt>
File: images/racunalniVid/dog_sketch.png Graphic file (type png)
<use images/racunalniVid/dog_sketch.png>
Package pdftex.def Info: images/racunalniVid/dog_sketch.png  used on input line 35.
(pdftex.def)             Requested size: 198.02942pt x 112.13428pt.
<images/racunalniVid/dog_comparison.png, id=73, 820.06375pt x 745.78625pt>
File: images/racunalniVid/dog_comparison.png Graphic file (type png)
<use images/racunalniVid/dog_comparison.png>
Package pdftex.def Info: images/racunalniVid/dog_comparison.png  used on input line 42.
(pdftex.def)             Requested size: 198.02942pt x 180.08481pt.
 [13 <./images/racunalniVid/octave_pyramid.png (PNG copy)>] [14 <./images/racunalniVid/dog_sketch.png> <./images/racunalniVid/dog_comparison.png>]
<images/racunalniVid/sift_rotation.png, id=86, 635.37375pt x 641.39626pt>
File: images/racunalniVid/sift_rotation.png Graphic file (type png)
<use images/racunalniVid/sift_rotation.png>
Package pdftex.def Info: images/racunalniVid/sift_rotation.png  used on input line 61.
(pdftex.def)             Requested size: 247.54149pt x 249.88907pt.
<images/racunalniVid/sift_descriptor.png, id=87, 1001.7425pt x 869.2475pt>
File: images/racunalniVid/sift_descriptor.png Graphic file (type png)
<use images/racunalniVid/sift_descriptor.png>
Package pdftex.def Info: images/racunalniVid/sift_descriptor.png  used on input line 71.
(pdftex.def)             Requested size: 309.42372pt x 268.4957pt.
 [15 <./images/racunalniVid/sift_rotation.png>]
<images/racunalniVid/feature_detection_train.jpg, id=93, 385.9218pt x 669.9429pt>
File: images/racunalniVid/feature_detection_train.jpg Graphic file (type jpg)
<use images/racunalniVid/feature_detection_train.jpg>
Package pdftex.def Info: images/racunalniVid/feature_detection_train.jpg  used on input line 82.
(pdftex.def)             Requested size: 198.02942pt x 343.78241pt.
<images/racunalniVid/feature_detection_frame.jpg, id=94, 381.5856pt x 669.2202pt>
File: images/racunalniVid/feature_detection_frame.jpg Graphic file (type jpg)
<use images/racunalniVid/feature_detection_frame.jpg>
Package pdftex.def Info: images/racunalniVid/feature_detection_frame.jpg  used on input line 89.
(pdftex.def)             Requested size: 198.02942pt x 347.30212pt.
) (./sections/RacunalniVid/subsections/uparivanje_znacajki.tex [16 <./images/racunalniVid/sift_descriptor.png>]
Overfull \hbox (24.17929pt too wide) in paragraph at lines 5--6
[]\T1/ptm/m/n/12 Prva me-toda je ko-ri-²te-nje \T1/ptm/m/it/12 brute force \T1/ptm/m/n/12 al-go-ritma. Sli£-nost iz-mežu dva 128-dimenzionalna
 []

[17 <./images/racunalniVid/feature_detection_train.jpg> <./images/racunalniVid/feature_detection_frame.jpg>]
<images/racunalniVid/feature_matching.jpg, id=104, 656.2116pt x 652.5981pt>
File: images/racunalniVid/feature_matching.jpg Graphic file (type jpg)
<use images/racunalniVid/feature_matching.jpg>
Package pdftex.def Info: images/racunalniVid/feature_matching.jpg  used on input line 24.
(pdftex.def)             Requested size: 371.30595pt x 369.26628pt.
 [18]) (./sections/RacunalniVid/subsections/homografija.tex
Overfull \hbox (5.24414pt too wide) in paragraph at lines 5--6
[]\T1/ptm/m/n/12 Homografija je pro-jek-tivna tran-sfor-ma-cija u dvo-di-men-zi-onal-nom pros-toru koja pres-
 []

[19 <./images/racunalniVid/feature_matching.jpg>] [20]
<images/racunalniVid/frame_with_route.jpg, id=115, 1505.625pt x 2673.99pt>
File: images/racunalniVid/frame_with_route.jpg Graphic file (type jpg)
<use images/racunalniVid/frame_with_route.jpg>
Package pdftex.def Info: images/racunalniVid/frame_with_route.jpg  used on input line 55.
(pdftex.def)             Requested size: 165.02347pt x 293.07896pt.
)) [21 <./images/racunalniVid/frame_with_route.jpg>]
\openout2 = `sections/Implementacija/implementacija.aux'.

 (./sections/Implementacija/implementacija.tex
Poglavlje 4.
(./sections/Implementacija/subsections/autentifikacija.tex
<images/implementacija/first.jpg, id=120, 1210.5225pt x 2631.8325pt>
File: images/implementacija/first.jpg Graphic file (type jpg)
<use images/implementacija/first.jpg>
Package pdftex.def Info: images/implementacija/first.jpg  used on input line 7.
(pdftex.def)             Requested size: 144.40025pt x 313.91882pt.
 [22




]
<images/implementacija/web/pocetni_zaslon.jpg, id=124, 3557.29pt x 2226.3175pt>
File: images/implementacija/web/pocetni_zaslon.jpg Graphic file (type jpg)
<use images/implementacija/web/pocetni_zaslon.jpg>
Package pdftex.def Info: images/implementacija/web/pocetni_zaslon.jpg  used on input line 16.
(pdftex.def)             Requested size: 371.30595pt x 232.36044pt.
 [23 <./images/implementacija/first.jpg>]
<images/implementacija/register.jpg, id=128, 1210.5225pt x 2631.8325pt>
File: images/implementacija/register.jpg Graphic file (type jpg)
<use images/implementacija/register.jpg>
Package pdftex.def Info: images/implementacija/register.jpg  used on input line 29.
(pdftex.def)             Requested size: 144.39711pt x 313.91882pt.
<images/implementacija/web/register.jpg, id=129, 1076.02pt x 1808.7575pt>
File: images/implementacija/web/register.jpg Graphic file (type jpg)
<use images/implementacija/web/register.jpg>
Package pdftex.def Info: images/implementacija/web/register.jpg  used on input line 35.
(pdftex.def)             Requested size: 206.28249pt x 346.73103pt.
 [24 <./images/implementacija/web/pocetni_zaslon.jpg>]
<images/implementacija/login.jpg, id=133, 1210.5225pt x 2631.8325pt>
File: images/implementacija/login.jpg Graphic file (type jpg)
<use images/implementacija/login.jpg>
Package pdftex.def Info: images/implementacija/login.jpg  used on input line 52.
(pdftex.def)             Requested size: 129.95934pt x 282.5149pt.
<images/implementacija/web/login.jpg, id=134, 1162.3425pt x 895.345pt>
File: images/implementacija/web/login.jpg Graphic file (type jpg)
<use images/implementacija/web/login.jpg>
Package pdftex.def Info: images/implementacija/web/login.jpg  used on input line 58.
(pdftex.def)             Requested size: 247.54149pt x 190.67839pt.
 [25 <./images/implementacija/register.jpg> <./images/implementacija/web/register.jpg>] [26 <./images/implementacija/login.jpg> <./images/implementacija/web/login.jpg>]) (./sections/Implementacija/subsections/pocetni.tex
<images/implementacija/main_nav_1.jpg, id=141, 1210.5225pt x 2631.8325pt>
File: images/implementacija/main_nav_1.jpg Graphic file (type jpg)
<use images/implementacija/main_nav_1.jpg>
Package pdftex.def Info: images/implementacija/main_nav_1.jpg  used on input line 7.
(pdftex.def)             Requested size: 144.40025pt x 313.91882pt.
 [27 <./images/implementacija/main_nav_1.jpg>]
<images/implementacija/web/explore.jpeg, id=146, 3533.2pt x 2209.25375pt>
File: images/implementacija/web/explore.jpeg Graphic file (type jpg)
<use images/implementacija/web/explore.jpeg>
Package pdftex.def Info: images/implementacija/web/explore.jpeg  used on input line 24.
(pdftex.def)             Requested size: 371.30595pt x 232.1639pt.
) (./sections/Implementacija/subsections/geo_karta.tex [28 <./images/implementacija/web/explore.jpeg>]
<images/implementacija/geo_karta.jpg, id=150, 1210.5225pt x 2631.8325pt>
File: images/implementacija/geo_karta.jpg Graphic file (type jpg)
<use images/implementacija/geo_karta.jpg>
Package pdftex.def Info: images/implementacija/geo_karta.jpg  used on input line 9.
(pdftex.def)             Requested size: 111.3943pt x 242.15562pt.
<images/implementacija/web/map_clusters.jpeg, id=151, 3031.325pt x 1300.86pt>
File: images/implementacija/web/map_clusters.jpeg Graphic file (type jpg)
<use images/implementacija/web/map_clusters.jpeg>
Package pdftex.def Info: images/implementacija/web/map_clusters.jpeg  used on input line 16.
(pdftex.def)             Requested size: 358.9295pt x 154.01227pt.
<images/implementacija/geo_karta_ceuse.jpg, id=152, 1210.5225pt x 2631.8325pt>
File: images/implementacija/geo_karta_ceuse.jpg Graphic file (type jpg)
<use images/implementacija/geo_karta_ceuse.jpg>
Package pdftex.def Info: images/implementacija/geo_karta_ceuse.jpg  used on input line 30.
(pdftex.def)             Requested size: 123.77074pt x 269.06181pt.
<images/implementacija/web/map_selected.jpg, id=153, 3035.34pt x 1300.86pt>
File: images/implementacija/web/map_selected.jpg Graphic file (type jpg)
<use images/implementacija/web/map_selected.jpg>
Package pdftex.def Info: images/implementacija/web/map_selected.jpg  used on input line 37.
(pdftex.def)             Requested size: 371.30595pt x 159.11359pt.
 [29 <./images/implementacija/geo_karta.jpg> <./images/implementacija/web/map_clusters.jpeg>]) (./sections/Implementacija/subsections/search.tex [30 <./images/implementacija/geo_karta_ceuse.jpg> <./images/implementacija/web/map_selected.jpg>]
<images/implementacija/search_default.jpg, id=160, 1210.5225pt x 2631.8325pt>
File: images/implementacija/search_default.jpg Graphic file (type jpg)
<use images/implementacija/search_default.jpg>
Package pdftex.def Info: images/implementacija/search_default.jpg  used on input line 9.
(pdftex.def)             Requested size: 136.14719pt x 295.96799pt.
<images/implementacija/web/search_default.jpg, id=161, 1027.84pt x 702.625pt>
File: images/implementacija/web/search_default.jpg Graphic file (type jpg)
<use images/implementacija/web/search_default.jpg>
Package pdftex.def Info: images/implementacija/web/search_default.jpg  used on input line 16.
(pdftex.def)             Requested size: 247.54149pt x 169.21239pt.
<images/implementacija/search_searching.jpg, id=162, 1210.5225pt x 2631.8325pt>
File: images/implementacija/search_searching.jpg Graphic file (type jpg)
<use images/implementacija/search_searching.jpg>
Package pdftex.def Info: images/implementacija/search_searching.jpg  used on input line 30.
(pdftex.def)             Requested size: 144.40025pt x 313.91882pt.
<images/implementacija/web/search_searching.jpg, id=163, 513.92pt x 158.5925pt>
File: images/implementacija/web/search_searching.jpg Graphic file (type jpg)
<use images/implementacija/web/search_searching.jpg>
Package pdftex.def Info: images/implementacija/web/search_searching.jpg  used on input line 37.
(pdftex.def)             Requested size: 247.54149pt x 76.38971pt.
 [31 <./images/implementacija/search_default.jpg> <./images/implementacija/web/search_default.jpg>]) (./sections/Implementacija/subsections/crag_details.tex
<images/implementacija/crag-details/crag-details-top.jpg, id=167, 1210.5225pt x 2631.8325pt>
File: images/implementacija/crag-details/crag-details-top.jpg Graphic file (type jpg)
<use images/implementacija/crag-details/crag-details-top.jpg>
Package pdftex.def Info: images/implementacija/crag-details/crag-details-top.jpg  used on input line 7.
(pdftex.def)             Requested size: 123.77074pt x 269.06181pt.
<images/implementacija/web/crag-details/crag-details-top.jpg, id=168, 3525.17pt x 2202.2275pt>
File: images/implementacija/web/crag-details/crag-details-top.jpg Graphic file (type jpg)
<use images/implementacija/web/crag-details/crag-details-top.jpg>
Package pdftex.def Info: images/implementacija/web/crag-details/crag-details-top.jpg  used on input line 14.
(pdftex.def)             Requested size: 371.30595pt x 231.92958pt.
 [32 <./images/implementacija/search_searching.jpg> <./images/implementacija/web/search_searching.jpg>] [33 <./images/implementacija/crag-details/crag-details-top.jpg> <./images/implementacija/web/crag-details/crag-details-top.jpg>]
<images/implementacija/crag-details/crag-weather-1.jpg, id=176, 1210.5225pt x 2631.8325pt>
File: images/implementacija/crag-details/crag-weather-1.jpg Graphic file (type jpg)
<use images/implementacija/crag-details/crag-weather-1.jpg>
Package pdftex.def Info: images/implementacija/crag-details/crag-weather-1.jpg  used on input line 29.
(pdftex.def)             Requested size: 129.95934pt x 282.5149pt.
<images/implementacija/web/crag-details/crag-weather.jpg, id=177, 3001.2125pt x 1836.8625pt>
File: images/implementacija/web/crag-details/crag-weather.jpg Graphic file (type jpg)
<use images/implementacija/web/crag-details/crag-weather.jpg>
Package pdftex.def Info: images/implementacija/web/crag-details/crag-weather.jpg  used on input line 36.
(pdftex.def)             Requested size: 371.30595pt x 227.25287pt.
 [34 <./images/implementacija/crag-details/crag-weather-1.jpg> <./images/implementacija/web/crag-details/crag-weather.jpg>]
<images/implementacija/crag-details/crag-map.jpg, id=181, 1210.5225pt x 2631.8325pt>
File: images/implementacija/crag-details/crag-map.jpg Graphic file (type jpg)
<use images/implementacija/crag-details/crag-map.jpg>
Package pdftex.def Info: images/implementacija/crag-details/crag-map.jpg  used on input line 53.
(pdftex.def)             Requested size: 144.40025pt x 313.91882pt.
<images/implementacija/web/crag-details/crag-map.jpg, id=182, 3003.22pt x 1043.9pt>
File: images/implementacija/web/crag-details/crag-map.jpg Graphic file (type jpg)
<use images/implementacija/web/crag-details/crag-map.jpg>
Package pdftex.def Info: images/implementacija/web/crag-details/crag-map.jpg  used on input line 60.
(pdftex.def)             Requested size: 371.30595pt x 129.0536pt.
 [35 <./images/implementacija/crag-details/crag-map.jpg> <./images/implementacija/web/crag-details/crag-map.jpg>]
<images/implementacija/crag-details/crag-all-sectors-tabs.jpg, id=186, 1210.5225pt x 2631.8325pt>
File: images/implementacija/crag-details/crag-all-sectors-tabs.jpg Graphic file (type jpg)
<use images/implementacija/crag-details/crag-all-sectors-tabs.jpg>
Package pdftex.def Info: images/implementacija/crag-details/crag-all-sectors-tabs.jpg  used on input line 74.
(pdftex.def)             Requested size: 129.9565pt x 282.5149pt.
<images/implementacija/web/crag-details/crag-all-sectors.jpg, id=187, 975.645pt x 1461.46pt>
File: images/implementacija/web/crag-details/crag-all-sectors.jpg Graphic file (type jpg)
<use images/implementacija/web/crag-details/crag-all-sectors.jpg>
Package pdftex.def Info: images/implementacija/web/crag-details/crag-all-sectors.jpg  used on input line 81.
(pdftex.def)             Requested size: 185.65297pt x 278.08168pt.
<images/implementacija/crag-details/crag-all-sectors-table.jpg, id=188, 1210.5225pt x 2631.8325pt>
File: images/implementacija/crag-details/crag-all-sectors-table.jpg Graphic file (type jpg)
<use images/implementacija/crag-details/crag-all-sectors-table.jpg>
Package pdftex.def Info: images/implementacija/crag-details/crag-all-sectors-table.jpg  used on input line 93.
(pdftex.def)             Requested size: 144.40025pt x 313.91882pt.
 [36 <./images/implementacija/crag-details/crag-all-sectors-tabs.jpg> <./images/implementacija/web/crag-details/crag-all-sectors.jpg>]
<images/implementacija/crag-details/crag-selected-sector.jpg, id=192, 1210.5225pt x 2631.8325pt>
File: images/implementacija/crag-details/crag-selected-sector.jpg Graphic file (type jpg)
<use images/implementacija/crag-details/crag-selected-sector.jpg>
Package pdftex.def Info: images/implementacija/crag-details/crag-selected-sector.jpg  used on input line 106.
(pdftex.def)             Requested size: 156.7767pt x 340.82501pt.
<images/implementacija/web/crag-details/crag-selected-sector.jpg, id=193, 970.62625pt x 1820.8025pt>
File: images/implementacija/web/crag-details/crag-selected-sector.jpg Graphic file (type jpg)
<use images/implementacija/web/crag-details/crag-selected-sector.jpg>
Package pdftex.def Info: images/implementacija/web/crag-details/crag-selected-sector.jpg  used on input line 113.
(pdftex.def)             Requested size: 185.65611pt x 348.26207pt.
 [37 <./images/implementacija/crag-details/crag-all-sectors-table.jpg>]) (./sections/Implementacija/subsections/route_details.tex
<images/implementacija/route-details/route-details.jpg, id=197, 1210.5225pt x 2631.8325pt>
File: images/implementacija/route-details/route-details.jpg Graphic file (type jpg)
<use images/implementacija/route-details/route-details.jpg>
Package pdftex.def Info: images/implementacija/route-details/route-details.jpg  used on input line 5.
(pdftex.def)             Requested size: 123.77074pt x 269.06181pt.
 [38 <./images/implementacija/crag-details/crag-selected-sector.jpg> <./images/implementacija/web/crag-details/crag-selected-sector.jpg>]
Overfull \hbox (32.57072pt too wide) in paragraph at lines 10--13
\T1/ptm/m/n/12 Pristupom de-talj-nom pre-gledu po-je-di-nog pe-nja£-kog smjera na mo-bil-noj apli-ka-ciji (slika 4.17[]),
 []

<images/implementacija/web/route-details/route-details.jpg, id=201, 941.5175pt x 1092.08pt>
File: images/implementacija/web/route-details/route-details.jpg Graphic file (type jpg)
<use images/implementacija/web/route-details/route-details.jpg>
Package pdftex.def Info: images/implementacija/web/route-details/route-details.jpg  used on input line 16.
(pdftex.def)             Requested size: 330.05322pt x 382.83362pt.
[39 <./images/implementacija/route-details/route-details.jpg>]
<images/implementacija/route-details/log-ascent.jpg, id=206, 1210.5225pt x 2631.8325pt>
File: images/implementacija/route-details/log-ascent.jpg Graphic file (type jpg)
<use images/implementacija/route-details/log-ascent.jpg>
Package pdftex.def Info: images/implementacija/route-details/log-ascent.jpg  used on input line 27.
(pdftex.def)             Requested size: 156.7767pt x 340.82501pt.
<images/implementacija/web/route-details/log-ascent.jpg, id=207, 513.92pt x 855.195pt>
File: images/implementacija/web/route-details/log-ascent.jpg Graphic file (type jpg)
<use images/implementacija/web/route-details/log-ascent.jpg>
Package pdftex.def Info: images/implementacija/web/route-details/log-ascent.jpg  used on input line 34.
(pdftex.def)             Requested size: 204.21939pt x 339.84053pt.
 [40 <./images/implementacija/web/route-details/route-details.jpg>]
<images/implementacija/route-details/view-ascents.jpg, id=211, 1210.5225pt x 2631.8325pt>
File: images/implementacija/route-details/view-ascents.jpg Graphic file (type jpg)
<use images/implementacija/route-details/view-ascents.jpg>
Package pdftex.def Info: images/implementacija/route-details/view-ascents.jpg  used on input line 48.
(pdftex.def)             Requested size: 156.7767pt x 340.82501pt.
<images/implementacija/web/route-details/view-ascents.jpg, id=212, 578.16pt x 517.935pt>
File: images/implementacija/web/route-details/view-ascents.jpg Graphic file (type jpg)
<use images/implementacija/web/route-details/view-ascents.jpg>
Package pdftex.def Info: images/implementacija/web/route-details/view-ascents.jpg  used on input line 55.
(pdftex.def)             Requested size: 226.91199pt x 203.27412pt.
 [41 <./images/implementacija/route-details/log-ascent.jpg> <./images/implementacija/web/route-details/log-ascent.jpg>]) (./sections/Implementacija/subsections/route-detection.tex [42 <./images/implementacija/route-details/view-ascents.jpg> <./images/implementacija/web/route-details/view-ascents.jpg>]
<images/implementacija/route_detection_auto.jpg, id=219, 1183.42125pt x 2565.585pt>
File: images/implementacija/route_detection_auto.jpg Graphic file (type jpg)
<use images/implementacija/route_detection_auto.jpg>
Package pdftex.def Info: images/implementacija/route_detection_auto.jpg  used on input line 9.
(pdftex.def)             Requested size: 123.77074pt x 268.31781pt.
<images/implementacija/route_detection_manual.jpg, id=220, 1183.42125pt x 2565.585pt>
File: images/implementacija/route_detection_manual.jpg Graphic file (type jpg)
<use images/implementacija/route_detection_manual.jpg>
Package pdftex.def Info: images/implementacija/route_detection_manual.jpg  used on input line 18.
(pdftex.def)             Requested size: 123.77074pt x 268.31781pt.
 [43 <./images/implementacija/route_detection_auto.jpg>]) (./sections/Implementacija/subsections/user-profile.tex
<images/implementacija/user_profile_1.jpg, id=224, 1210.5225pt x 2631.8325pt>
File: images/implementacija/user_profile_1.jpg Graphic file (type jpg)
<use images/implementacija/user_profile_1.jpg>
Package pdftex.def Info: images/implementacija/user_profile_1.jpg  used on input line 9.
(pdftex.def)             Requested size: 123.77074pt x 269.06181pt.
<images/implementacija/web/user-profile-1.jpg, id=225, 1042.89626pt x 990.70125pt>
File: images/implementacija/web/user-profile-1.jpg Graphic file (type jpg)
<use images/implementacija/web/user-profile-1.jpg>
Package pdftex.def Info: images/implementacija/web/user-profile-1.jpg  used on input line 16.
(pdftex.def)             Requested size: 280.54115pt x 266.4952pt.
 [44 <./images/implementacija/route_detection_manual.jpg>]
<images/implementacija/user_profile_2.jpg, id=229, 1210.5225pt x 2631.8325pt>
File: images/implementacija/user_profile_2.jpg Graphic file (type jpg)
<use images/implementacija/user_profile_2.jpg>
Package pdftex.def Info: images/implementacija/user_profile_2.jpg  used on input line 30.
(pdftex.def)             Requested size: 123.77074pt x 269.06181pt.
<images/implementacija/web/user-profile-2.jpg, id=230, 972.63374pt x 1003.75pt>
File: images/implementacija/web/user-profile-2.jpg Graphic file (type jpg)
<use images/implementacija/web/user-profile-2.jpg>
Package pdftex.def Info: images/implementacija/web/user-profile-2.jpg  used on input line 37.
(pdftex.def)             Requested size: 259.91794pt x 268.2286pt.
 [45 <./images/implementacija/user_profile_1.jpg> <./images/implementacija/web/user-profile-1.jpg>]
<images/implementacija/user_profile_3.jpg, id=235, 1210.5225pt x 2631.8325pt>
File: images/implementacija/user_profile_3.jpg Graphic file (type jpg)
<use images/implementacija/user_profile_3.jpg>
Package pdftex.def Info: images/implementacija/user_profile_3.jpg  used on input line 51.
(pdftex.def)             Requested size: 138.86862pt x 301.91144pt.
<images/implementacija/web/user-profile-3.jpg, id=236, 972.63374pt x 1105.12875pt>
File: images/implementacija/web/user-profile-3.jpg Graphic file (type jpg)
<use images/implementacija/web/user-profile-3.jpg>
Package pdftex.def Info: images/implementacija/web/user-profile-3.jpg  used on input line 58.
(pdftex.def)             Requested size: 268.1647pt x 304.69547pt.
 [46 <./images/implementacija/user_profile_2.jpg> <./images/implementacija/web/user-profile-2.jpg>]
<images/implementacija/user-profile-other.jpg, id=241, 1210.5225pt x 2631.8325pt>
File: images/implementacija/user-profile-other.jpg Graphic file (type jpg)
<use images/implementacija/user-profile-other.jpg>
Package pdftex.def Info: images/implementacija/user-profile-other.jpg  used on input line 77.
(pdftex.def)             Requested size: 148.52364pt x 322.87418pt.
<images/implementacija/web/user-profile-other.jpg, id=242, 1044.90375pt x 1680.2775pt>
File: images/implementacija/web/user-profile-other.jpg Graphic file (type jpg)
<use images/implementacija/web/user-profile-other.jpg>
Package pdftex.def Info: images/implementacija/web/user-profile-other.jpg  used on input line 84.
(pdftex.def)             Requested size: 206.28249pt x 331.71657pt.
) (./sections/Implementacija/subsections/editing.tex [47 <./images/implementacija/user_profile_3.jpg> <./images/implementacija/web/user-profile-3.jpg>]
<images/implementacija/editing-options/create_crag.jpg, id=246, 1210.5225pt x 2631.8325pt>
File: images/implementacija/editing-options/create_crag.jpg Graphic file (type jpg)
<use images/implementacija/editing-options/create_crag.jpg>
Package pdftex.def Info: images/implementacija/editing-options/create_crag.jpg  used on input line 13.
(pdftex.def)             Requested size: 127.89412pt x 278.05731pt.
<images/implementacija/web/editing-options/create-crag.jpg, id=247, 513.92pt x 578.16pt>
File: images/implementacija/web/editing-options/create-crag.jpg Graphic file (type jpg)
<use images/implementacija/web/editing-options/create-crag.jpg>
Package pdftex.def Info: images/implementacija/web/editing-options/create-crag.jpg  used on input line 20.
(pdftex.def)             Requested size: 247.54149pt x 278.48407pt.
 [48 <./images/implementacija/user-profile-other.jpg> <./images/implementacija/web/user-profile-other.jpg>]
<images/implementacija/editing-options/edit-crag.jpg, id=251, 1210.5225pt x 2631.8325pt>
File: images/implementacija/editing-options/edit-crag.jpg Graphic file (type jpg)
<use images/implementacija/editing-options/edit-crag.jpg>
Package pdftex.def Info: images/implementacija/editing-options/edit-crag.jpg  used on input line 34.
(pdftex.def)             Requested size: 148.52364pt x 322.87418pt.
<images/implementacija/web/editing-options/edit-crag.jpg, id=252, 513.92pt x 877.2775pt>
File: images/implementacija/web/editing-options/edit-crag.jpg Graphic file (type jpg)
<use images/implementacija/web/editing-options/edit-crag.jpg>
Package pdftex.def Info: images/implementacija/web/editing-options/edit-crag.jpg  used on input line 41.
(pdftex.def)             Requested size: 189.78265pt x 323.97183pt.
 [49 <./images/implementacija/editing-options/create_crag.jpg> <./images/implementacija/web/editing-options/create-crag.jpg>] [50 <./images/implementacija/editing-options/edit-crag.jpg> <./images/implementacija/web/editing-options/edit-crag.jpg>]
<images/implementacija/editing-options/manage-users.jpg, id=259, 1210.5225pt x 2631.8325pt>
File: images/implementacija/editing-options/manage-users.jpg Graphic file (type jpg)
<use images/implementacija/editing-options/manage-users.jpg>
Package pdftex.def Info: images/implementacija/editing-options/manage-users.jpg  used on input line 62.
(pdftex.def)             Requested size: 148.52364pt x 322.87418pt.
<images/implementacija/web/editing-options/manage-users.jpg, id=260, 513.92pt x 399.4925pt>
File: images/implementacija/web/editing-options/manage-users.jpg Graphic file (type jpg)
<use images/implementacija/web/editing-options/manage-users.jpg>
Package pdftex.def Info: images/implementacija/web/editing-options/manage-users.jpg  used on input line 69.
(pdftex.def)             Requested size: 247.54149pt x 192.42474pt.

Overfull \hbox (19.52673pt too wide) in paragraph at lines 77--78
\T1/ptm/m/n/12 tre-nutno imaju ili mogu do-biti do-zvolu za ure-ži-va-nje sa-dr-ºaja na tom pe-nja-li-²tu (slika 4.29[]).
 []

<images/implementacija/editing-options/create-sector.jpg, id=261, 1210.5225pt x 2631.8325pt>
File: images/implementacija/editing-options/create-sector.jpg Graphic file (type jpg)
<use images/implementacija/editing-options/create-sector.jpg>
Package pdftex.def Info: images/implementacija/editing-options/create-sector.jpg  used on input line 88.
(pdftex.def)             Requested size: 148.52364pt x 322.87418pt.
<images/implementacija/web/editing-options/create-sector.jpg, id=262, 513.92pt x 905.3825pt>
File: images/implementacija/web/editing-options/create-sector.jpg Graphic file (type jpg)
<use images/implementacija/web/editing-options/create-sector.jpg>
Package pdftex.def Info: images/implementacija/web/editing-options/create-sector.jpg  used on input line 95.
(pdftex.def)             Requested size: 181.52959pt x 319.80359pt.
[51 <./images/implementacija/editing-options/manage-users.jpg> <./images/implementacija/web/editing-options/manage-users.jpg>]
<images/implementacija/editing-options/edit-sector.jpg, id=267, 1210.5225pt x 2631.8325pt>
File: images/implementacija/editing-options/edit-sector.jpg Graphic file (type jpg)
<use images/implementacija/editing-options/edit-sector.jpg>
Package pdftex.def Info: images/implementacija/editing-options/edit-sector.jpg  used on input line 111.
(pdftex.def)             Requested size: 156.7767pt x 340.82501pt.
<images/implementacija/web/editing-options/edit-sector.jpg, id=268, 1027.84pt x 2005.4925pt>
File: images/implementacija/web/editing-options/edit-sector.jpg Graphic file (type jpg)
<use images/implementacija/web/editing-options/edit-sector.jpg>
Package pdftex.def Info: images/implementacija/web/editing-options/edit-sector.jpg  used on input line 118.
(pdftex.def)             Requested size: 177.3999pt x 346.13144pt.
 [52 <./images/implementacija/editing-options/create-sector.jpg> <./images/implementacija/web/editing-options/create-sector.jpg>]
<images/implementacija/editing-options/create-route.jpg, id=272, 1210.5225pt x 2631.8325pt>
File: images/implementacija/editing-options/create-route.jpg Graphic file (type jpg)
<use images/implementacija/editing-options/create-route.jpg>
Package pdftex.def Info: images/implementacija/editing-options/create-route.jpg  used on input line 137.
(pdftex.def)             Requested size: 156.7767pt x 340.82501pt.
<images/implementacija/web/editing-options/create-route.jpg, id=273, 513.92pt x 531.9875pt>
File: images/implementacija/web/editing-options/create-route.jpg Graphic file (type jpg)
<use images/implementacija/web/editing-options/create-route.jpg>
Package pdftex.def Info: images/implementacija/web/editing-options/create-route.jpg  used on input line 144.
(pdftex.def)             Requested size: 226.91199pt x 234.88696pt.
 [53 <./images/implementacija/editing-options/edit-sector.jpg> <./images/implementacija/web/editing-options/edit-sector.jpg>]
<images/implementacija/editing-options/add-route-photo.jpg, id=277, 1210.5225pt x 2631.8325pt>
File: images/implementacija/editing-options/add-route-photo.jpg Graphic file (type jpg)
<use images/implementacija/editing-options/add-route-photo.jpg>
Package pdftex.def Info: images/implementacija/editing-options/add-route-photo.jpg  used on input line 157.
(pdftex.def)             Requested size: 123.77074pt x 269.06181pt.
 [54 <./images/implementacija/editing-options/create-route.jpg> <./images/implementacija/web/editing-options/create-route.jpg>]
<images/implementacija/editing-options/edit-route.jpg, id=281, 1210.5225pt x 2631.8325pt>
File: images/implementacija/editing-options/edit-route.jpg Graphic file (type jpg)
<use images/implementacija/editing-options/edit-route.jpg>
Package pdftex.def Info: images/implementacija/editing-options/edit-route.jpg  used on input line 168.
(pdftex.def)             Requested size: 156.7767pt x 340.82501pt.
<images/implementacija/web/editing-options/edit-route.jpg, id=282, 513.92pt x 531.9875pt>
File: images/implementacija/web/editing-options/edit-route.jpg Graphic file (type jpg)
<use images/implementacija/web/editing-options/edit-route.jpg>
Package pdftex.def Info: images/implementacija/web/editing-options/edit-route.jpg  used on input line 175.
(pdftex.def)             Requested size: 226.91199pt x 234.88696pt.
 [55 <./images/implementacija/editing-options/add-route-photo.jpg>]
<images/implementacija/editing-options/edit_profile.jpg, id=286, 1210.5225pt x 2631.8325pt>
File: images/implementacija/editing-options/edit_profile.jpg Graphic file (type jpg)
<use images/implementacija/editing-options/edit_profile.jpg>
Package pdftex.def Info: images/implementacija/editing-options/edit_profile.jpg  used on input line 197.
(pdftex.def)             Requested size: 132.0238pt x 287.01265pt.
<images/implementacija/web/editing-options/edit-user.jpg, id=287, 513.92pt x 652.4375pt>
File: images/implementacija/web/editing-options/edit-user.jpg Graphic file (type jpg)
<use images/implementacija/web/editing-options/edit-user.jpg>
Package pdftex.def Info: images/implementacija/web/editing-options/edit-user.jpg  used on input line 204.
(pdftex.def)             Requested size: 226.91199pt x 288.06892pt.
 [56 <./images/implementacija/editing-options/edit-route.jpg> <./images/implementacija/web/editing-options/edit-route.jpg>]) (./sections/Implementacija/subsections/offline-mode.tex
<images/implementacija/offline-mode/crag-tab.jpg, id=291, 1210.5225pt x 2631.8325pt>
File: images/implementacija/offline-mode/crag-tab.jpg Graphic file (type jpg)
<use images/implementacija/offline-mode/crag-tab.jpg>
Package pdftex.def Info: images/implementacija/offline-mode/crag-tab.jpg  used on input line 9.
(pdftex.def)             Requested size: 115.51591pt x 251.11096pt.
<images/implementacija/offline-mode/routes-tab.jpg, id=292, 1210.5225pt x 2631.8325pt>
File: images/implementacija/offline-mode/routes-tab.jpg Graphic file (type jpg)
<use images/implementacija/offline-mode/routes-tab.jpg>
Package pdftex.def Info: images/implementacija/offline-mode/routes-tab.jpg  used on input line 16.
(pdftex.def)             Requested size: 115.51591pt x 251.11096pt.
 [57 <./images/implementacija/editing-options/edit_profile.jpg> <./images/implementacija/web/editing-options/edit-user.jpg>]
<images/implementacija/offline-mode/offline-crag-view.jpg, id=297, 1210.5225pt x 2631.8325pt>
File: images/implementacija/offline-mode/offline-crag-view.jpg Graphic file (type jpg)
<use images/implementacija/offline-mode/offline-crag-view.jpg>
Package pdftex.def Info: images/implementacija/offline-mode/offline-crag-view.jpg  used on input line 30.
(pdftex.def)             Requested size: 132.01927pt x 287.01265pt.
<images/implementacija/offline-mode/offline-route-view.jpg, id=298, 1210.5225pt x 2631.8325pt>
File: images/implementacija/offline-mode/offline-route-view.jpg Graphic file (type jpg)
<use images/implementacija/offline-mode/offline-route-view.jpg>
Package pdftex.def Info: images/implementacija/offline-mode/offline-route-view.jpg  used on input line 37.
(pdftex.def)             Requested size: 132.01927pt x 287.01265pt.
 [58 <./images/implementacija/offline-mode/crag-tab.jpg> <./images/implementacija/offline-mode/routes-tab.jpg>]
Overfull \hbox (5.3399pt too wide) in paragraph at lines 45--47
[]\T1/ptm/m/n/12 Detaljni pre-gled pe-nja-li-²ta (slika 4.37a[]) i smje-rova (slika 4.37b[]) za-dr-ºava sve klju£ne
 []

)) [59 <./images/implementacija/offline-mode/offline-crag-view.jpg> <./images/implementacija/offline-mode/offline-route-view.jpg>]
\openout2 = `sections/Arhitektura/arhitektura.aux'.

 (./sections/Arhitektura/arhitektura.tex
Poglavlje 5.
<images/arhitektura/arch.drawio.png, id=305, 724.7075pt x 523.9575pt>
File: images/arhitektura/arch.drawio.png Graphic file (type png)
<use images/arhitektura/arch.drawio.png>
Package pdftex.def Info: images/arhitektura/arch.drawio.png  used on input line 8.
(pdftex.def)             Requested size: 371.30595pt x 268.45401pt.
[60




] [61 <./images/arhitektura/arch.drawio.png>]
<images/arhitektura/backend_arch.drawio.png, id=313, 564.1075pt x 303.1325pt>
File: images/arhitektura/backend_arch.drawio.png Graphic file (type png)
<use images/arhitektura/backend_arch.drawio.png>
Package pdftex.def Info: images/arhitektura/backend_arch.drawio.png  used on input line 23.
(pdftex.def)             Requested size: 288.79422pt x 155.18758pt.
 [62 <./images/arhitektura/backend_arch.drawio.png>] [63]
Overfull \hbox (10.12756pt too wide) in paragraph at lines 54--56
[]\T1/ptm/m/n/12 Za ko-mu-ni-ka-ciju s po-za-din-skim sus-ta-vom, apli-ka-cija ko-risti \T1/ptm/m/it/12 swift-openapi-generator\T1/ptm/m/n/12 .
 []

<images/arhitektura/opencv_functions.drawio.png, id=322, 868.24374pt x 599.23875pt>
File: images/arhitektura/opencv_functions.drawio.png Graphic file (type png)
<use images/arhitektura/opencv_functions.drawio.png>
Package pdftex.def Info: images/arhitektura/opencv_functions.drawio.png  used on input line 66.
(pdftex.def)             Requested size: 412.56497pt x 284.74194pt.
[64]
Overfull \hbox (15.91463pt too wide) in paragraph at lines 71--73
\T1/ptm/m/n/12 sli-jedi upa-ri-va-nje s re-fe-rent-nim des-krip-to-rima ko-ri-²te-njem me-tode \T1/ptm/m/it/12 flan-n-Mat-c-her.knnMatch
 []

[65 <./images/arhitektura/opencv_functions.drawio.png>]) [66] [67]
\openout2 = `sections/Testiranje/testiranje.aux'.

 (./sections/Testiranje/testiranje.tex
Poglavlje 6.
<images/testiranje/apaches_ref_slika.jpg, id=336, 752.8125pt x 1337.99875pt>
File: images/testiranje/apaches_ref_slika.jpg Graphic file (type jpg)
<use images/testiranje/apaches_ref_slika.jpg>
Package pdftex.def Info: images/testiranje/apaches_ref_slika.jpg  used on input line 13.
(pdftex.def)             Requested size: 185.65297pt x 329.96648pt.
<images/testiranje/steyr_ref.jpg, id=337, 752.8125pt x 1337.99875pt>
File: images/testiranje/steyr_ref.jpg Graphic file (type jpg)
<use images/testiranje/steyr_ref.jpg>
Package pdftex.def Info: images/testiranje/steyr_ref.jpg  used on input line 20.
(pdftex.def)             Requested size: 185.65297pt x 329.96648pt.
[68




] [69 <./images/testiranje/apaches_ref_slika.jpg> <./images/testiranje/steyr_ref.jpg>]
<images/testiranje/apaches_test_left_side.jpg, id=345, 889.3225pt x 1927.2pt>
File: images/testiranje/apaches_test_left_side.jpg Graphic file (type jpg)
<use images/testiranje/apaches_test_left_side.jpg>
Package pdftex.def Info: images/testiranje/apaches_test_left_side.jpg  used on input line 41.
(pdftex.def)             Requested size: 185.65297pt x 402.3126pt.
<images/testiranje/apaches_test_right_side.jpeg, id=346, 1183.42125pt x 2565.585pt>
File: images/testiranje/apaches_test_right_side.jpeg Graphic file (type jpg)
<use images/testiranje/apaches_test_right_side.jpeg>
Package pdftex.def Info: images/testiranje/apaches_test_right_side.jpeg  used on input line 48.
(pdftex.def)             Requested size: 185.65297pt x 402.47673pt.
<images/testiranje/steyr_test_left_side.jpg, id=347, 889.3225pt x 1927.2pt>
File: images/testiranje/steyr_test_left_side.jpg Graphic file (type jpg)
<use images/testiranje/steyr_test_left_side.jpg>
Package pdftex.def Info: images/testiranje/steyr_test_left_side.jpg  used on input line 62.
(pdftex.def)             Requested size: 185.65297pt x 402.3126pt.
<images/testiranje/steyr_test_right_side.jpg, id=348, 889.3225pt x 1927.2pt>
File: images/testiranje/steyr_test_right_side.jpg Graphic file (type jpg)
<use images/testiranje/steyr_test_right_side.jpg>
Package pdftex.def Info: images/testiranje/steyr_test_right_side.jpg  used on input line 69.
(pdftex.def)             Requested size: 185.65297pt x 402.3126pt.
 [70 <./images/testiranje/apaches_test_left_side.jpg> <./images/testiranje/apaches_test_right_side.jpeg>]
<images/testiranje/apaches_latency_before.jpg, id=352, 889.3225pt x 1927.2pt>
File: images/testiranje/apaches_latency_before.jpg Graphic file (type jpg)
<use images/testiranje/apaches_latency_before.jpg>
Package pdftex.def Info: images/testiranje/apaches_latency_before.jpg  used on input line 85.
(pdftex.def)             Requested size: 177.3999pt x 384.43335pt.
<images/testiranje/apaches_latency_after.jpg, id=353, 889.3225pt x 1927.2pt>
File: images/testiranje/apaches_latency_after.jpg Graphic file (type jpg)
<use images/testiranje/apaches_latency_after.jpg>
Package pdftex.def Info: images/testiranje/apaches_latency_after.jpg  used on input line 92.
(pdftex.def)             Requested size: 177.3999pt x 384.43335pt.
 [71 <./images/testiranje/steyr_test_left_side.jpg> <./images/testiranje/steyr_test_right_side.jpg>] [72 <./images/testiranje/apaches_latency_before.jpg> <./images/testiranje/apaches_latency_after.jpg>]
<images/testiranje/steyr_bad_detection_before_moving.jpg, id=360, 889.3225pt x 1927.2pt>
File: images/testiranje/steyr_bad_detection_before_moving.jpg Graphic file (type jpg)
<use images/testiranje/steyr_bad_detection_before_moving.jpg>
Package pdftex.def Info: images/testiranje/steyr_bad_detection_before_moving.jpg  used on input line 107.
(pdftex.def)             Requested size: 177.3999pt x 384.43335pt.
<images/testiranje/steyr_bad_detection_after_moving.jpg, id=361, 889.3225pt x 1927.2pt>
File: images/testiranje/steyr_bad_detection_after_moving.jpg Graphic file (type jpg)
<use images/testiranje/steyr_bad_detection_after_moving.jpg>
Package pdftex.def Info: images/testiranje/steyr_bad_detection_after_moving.jpg  used on input line 114.
(pdftex.def)             Requested size: 177.3999pt x 384.43335pt.
 [73 <./images/testiranje/steyr_bad_detection_before_moving.jpg> <./images/testiranje/steyr_bad_detection_after_moving.jpg>]
<images/testiranje/steyr_bad_detection_before_homography_fix.jpg, id=365, 889.3225pt x 1927.2pt>
File: images/testiranje/steyr_bad_detection_before_homography_fix.jpg Graphic file (type jpg)
<use images/testiranje/steyr_bad_detection_before_homography_fix.jpg>
Package pdftex.def Info: images/testiranje/steyr_bad_detection_before_homography_fix.jpg  used on input line 132.
(pdftex.def)             Requested size: 177.3999pt x 384.43335pt.
<images/testiranje/steyr_bad_detection_after_homography_fix.jpg, id=366, 889.3225pt x 1927.2pt>
File: images/testiranje/steyr_bad_detection_after_homography_fix.jpg Graphic file (type jpg)
<use images/testiranje/steyr_bad_detection_after_homography_fix.jpg>
Package pdftex.def Info: images/testiranje/steyr_bad_detection_after_homography_fix.jpg  used on input line 139.
(pdftex.def)             Requested size: 177.3999pt x 384.43335pt.
 [74 <./images/testiranje/steyr_bad_detection_before_homography_fix.jpg> <./images/testiranje/steyr_bad_detection_after_homography_fix.jpg>] [75]) [76]
\openout2 = `sections/Zakljucak/zakljucak.aux'.

 (./sections/Zakljucak/zakljucak.tex
Poglavlje 7.
) [77




] (./zavrsni.bbl
Underfull \hbox (badness 2401) in paragraph at lines 32--36
[]\T1/ptm/m/n/12 OpenCV.  \T1/ptm/m/it/12 OpenCV: Warp Per-s-pec-tive\T1/ptm/m/n/12 , 2025.  URL $\T1/pcr/m/n/12 https : / / docs .
 []


Underfull \hbox (badness 10000) in paragraph at lines 32--36
\T1/pcr/m/n/12 opencv . org / 4 . x / da / d54 / group _ _imgproc _ _transform . html #
 []


Underfull \hbox (badness 10000) in paragraph at lines 57--63
[]\T1/ptm/m/n/12 The Oxford Blue.  Why does everyone sud-de-nly want
 []


Underfull \hbox (badness 10000) in paragraph at lines 57--63
\T1/ptm/m/n/12 to rock climb?  $\T1/pcr/m/n/12 https : / / theoxfordblue . co . uk /
 []


Underfull \hbox (badness 10000) in paragraph at lines 57--63
\T1/pcr/m/n/12 why-[]does-[]everyone-[]suddenly-[]want-[]to-[]rock-[]climb/$\T1/ptm/m/n/12 , si-je-£anj
 []

[78



]) [79]
\openout2 = `sections/Abstract/abstract.aux'.

 (./sections/Abstract/abstract.tex [80

]) [81] (./zavrsni.aux (./sections/Uvod/uvod.aux) (./sections/Analiza/analiza.aux) (./sections/RacunalniVid/racunalni_vid.aux) (./sections/Implementacija/implementacija.aux) (./sections/Arhitektura/arhitektura.aux) (./sections/Testiranje/testiranje.aux) (./sections/Zakljucak/zakljucak.aux) (./sections/Abstract/abstract.aux)) ) 
Here is how much of TeX's memory you used:
 9666 strings out of 478268
 188878 string characters out of 5846346
 453890 words of memory out of 5000000
 27518 multiletter control sequences out of 15000+600000
 541726 words of font info for 109 fonts, out of 8000000 for 9000
 1141 hyphenation exceptions out of 8191
 70i,8n,77p,1109b,559s stack positions out of 10000i,1000n,20000p,200000b,200000s
{/usr/local/texlive/2022/texmf-dist/fonts/enc/dvips/base/8r.enc}</usr/local/texlive/2022/texmf-dist/fonts/type1/public/amsfonts/cm/cmex10.pfb></usr/local/texlive/2022/texmf-dist/fonts/type1/public/amsfonts/cm/cmmi12.pfb></usr/local/texlive/2022/texmf-dist/fonts/type1/public/amsfonts/cm/cmmi8.pfb></usr/local/texlive/2022/texmf-dist/fonts/type1/public/amsfonts/cm/cmr12.pfb></usr/local/texlive/2022/texmf-dist/fonts/type1/public/amsfonts/cm/cmr8.pfb></usr/local/texlive/2022/texmf-dist/fonts/type1/public/amsfonts/cm/cmsy10.pfb></usr/local/texlive/2022/texmf-dist/fonts/type1/public/amsfonts/cm/cmsy8.pfb></usr/local/texlive/2022/texmf-dist/fonts/type1/urw/courier/ucrr8a.pfb></usr/local/texlive/2022/texmf-dist/fonts/type1/urw/helvetic/uhvb8a.pfb></usr/local/texlive/2022/texmf-dist/fonts/type1/urw/helvetic/uhvr8a.pfb></usr/local/texlive/2022/texmf-dist/fonts/type1/urw/times/utmb8a.pfb></usr/local/texlive/2022/texmf-dist/fonts/type1/urw/times/utmr8a.pfb></usr/local/texlive/2022/texmf-dist/fonts/type1/urw/times/utmri8a.pfb>
Output written on zavrsni.pdf (85 pages, 50735792 bytes).
PDF statistics:
 453 PDF objects out of 1000 (max. 8388607)
 231 compressed objects within 3 object streams
 0 named destinations out of 1000 (max. 500000)
 486 words of extra memory for PDF output out of 10000 (max. 10000000)

